[school2017.abinit.org/index.html]
[backblue.gif]
[fade.gif]
[index.html]
[school2017.abinit.org/templates/protostar/favicon.ico]
[school2017.abinit.org/plugins/content/pdf_embed/assets/css/style.css]
[school2017.abinit.org/templates/protostar/css/template4373.css]
[school2017.abinit.org/media/jui/js/jquery.min4373.js]
[school2017.abinit.org/media/jui/js/jquery-noconflict4373.js]
[school2017.abinit.org/media/jui/js/jquery-migrate.min4373.js]
[school2017.abinit.org/media/system/js/caption4373.js]
[school2017.abinit.org/media/jui/js/bootstrap.min4373.js]
[school2017.abinit.org/templates/protostar/js/template4373.js]
[school2017.abinit.org/images/abinit.png]
[school2017.abinit.org/program.html]
[school2017.abinit.org/location.html]
[school2017.abinit.org/application-2.html]
[school2017.abinit.org/important-dates.html]
[school2017.abinit.org/sponsors.html]
[school2017.abinit.org/images/movies/home_animation.mp4]
[school2017.abinit.org/images/movies/home_animation.webm]
[school2017.abinit.org/index.html]
[school2017.abinit.org/plugins/content/pdf_embed/assets/css/style.css]
[school2017.abinit.org/media/jui/fonts/IcoMoon.eot]
[school2017.abinit.org/media/jui/fonts/IcoMoond41d.eot]
[school2017.abinit.org/media/jui/fonts/IcoMoon.woff]
[school2017.abinit.org/media/jui/fonts/IcoMoon.ttf]
[school2017.abinit.org/templates/protostar/css/template4373.css]
[school2017.abinit.org/program.html]
[school2017.abinit.org/images/teratec.jpg]
[school2017.abinit.org/images/map.png]
[school2017.abinit.org/location.html]
[school2017.abinit.org/application-2.html]
[school2017.abinit.org/important-dates.html]
[school2017.abinit.org/images/cecam-moser.jpg]
[school2017.abinit.org/images/cea_colours.png]
[school2017.abinit.org/images/tgcc.png]
[school2017.abinit.org/sponsors.html]
[school2017.abinit.org/media/jui/fonts/IcoMoon.svg]
