[abidev2024.abinit.org/index.html]
[backblue.gif]
[fade.gif]
[index.html]
[abidev2024.abinit.org/images/logos/favicon.ico]
[abidev2024.abinit.org/media/vendor/joomla-custom-elements/css/joomla-alert.min44b7.css]
[abidev2024.abinit.org/index006c.css]
[abidev2024.abinit.org/templates/shaper_helixultimate/css/bootstrap.min.css]
[abidev2024.abinit.org/plugins/system/helixultimate/assets/css/system-j4.min.css]
[abidev2024.abinit.org/media/system/css/joomla-fontawesome.min7559.css]
[abidev2024.abinit.org/templates/shaper_helixultimate/css/template.css]
[abidev2024.abinit.org/templates/shaper_helixultimate/css/presets/default.css]
[abidev2024.abinit.org/images/images_abidev2024/Le_Baluchon_6.jpg]
[abidev2024.abinit.org/images/images/abidev22_home_8.png]
[abidev2024.abinit.org/images/fonts/UbuntuMono-BoldItalic.ttf]
[abidev2024.abinit.org/images/fonts/UbuntuMono-Italic.ttf]
[abidev2024.abinit.org/images/fonts/UbuntuMono-Bold.ttf]
[abidev2024.abinit.org/images/fonts/UbuntuMono-Regular.ttf]
[abidev2024.abinit.org/media/vendor/jquery/js/jquery.mind569.js]
[abidev2024.abinit.org/media/legacy/js/jquery-noconflict.minaad7.js]
[abidev2024.abinit.org/media/system/js/core.min7335.js]
[abidev2024.abinit.org/media/vendor/bootstrap/js/bootstrap-es5.min79ff.js]
[abidev2024.abinit.org/media/system/js/showon-es5.min6186.js]
[abidev2024.abinit.org/media/system/js/messages-es5.minb614.js]
[abidev2024.abinit.org/media/vendor/bootstrap/js/alert.min79ff.js]
[abidev2024.abinit.org/media/vendor/bootstrap/js/button.min79ff.js]
[abidev2024.abinit.org/media/vendor/bootstrap/js/carousel.min79ff.js]
[abidev2024.abinit.org/media/vendor/bootstrap/js/collapse.min79ff.js]
[abidev2024.abinit.org/media/vendor/bootstrap/js/dropdown.min79ff.js]
[abidev2024.abinit.org/media/vendor/bootstrap/js/modal.min79ff.js]
[abidev2024.abinit.org/media/vendor/bootstrap/js/offcanvas.min79ff.js]
[abidev2024.abinit.org/media/vendor/bootstrap/js/popover.min79ff.js]
[abidev2024.abinit.org/media/vendor/bootstrap/js/scrollspy.min79ff.js]
[abidev2024.abinit.org/media/vendor/bootstrap/js/tab.min79ff.js]
[abidev2024.abinit.org/media/vendor/bootstrap/js/toast.min79ff.js]
[abidev2024.abinit.org/media/system/js/showon.min8e34.js]
[abidev2024.abinit.org/media/system/js/messages.minae9f.js]
[abidev2024.abinit.org/indexc627.php]
[abidev2024.abinit.org/templates/shaper_helixultimate/js/main.js]
[abidev2024.abinit.org/program/program-and-speakers.html]
[abidev2024.abinit.org/program/list-of-participants.html]
[abidev2024.abinit.org/resources/location.html]
[abidev2024.abinit.org/images/images_abidev2024/Logo_Courtois_FAS_UdeM_Bleu.png]
[abidev2024.abinit.org/images/images_abidev2024/RQEI_logo.png]
[abidev2024.abinit.org/index.html]
[abidev2024.abinit.org/media/vendor/joomla-custom-elements/css/joomla-alert.min44b7.css]
[abidev2024.abinit.org/index006c.css]
[abidev2024.abinit.org/templates/shaper_helixultimate/css/bootstrap.min.css]
[abidev2024.abinit.org/plugins/system/helixultimate/assets/css/system-j4.min.css]
[abidev2024.abinit.org/media/vendor/fontawesome-free/webfonts/fa-regular-400.eot]
[abidev2024.abinit.org/media/vendor/fontawesome-free/webfonts/fa-regular-400d41d.eot]
[abidev2024.abinit.org/media/vendor/fontawesome-free/webfonts/fa-regular-400.woff2]
[abidev2024.abinit.org/media/vendor/fontawesome-free/webfonts/fa-regular-400.woff]
[abidev2024.abinit.org/media/vendor/fontawesome-free/webfonts/fa-regular-400.ttf]
[abidev2024.abinit.org/media/vendor/fontawesome-free/webfonts/fa-solid-900.eot]
[abidev2024.abinit.org/media/vendor/fontawesome-free/webfonts/fa-solid-900d41d.eot]
[abidev2024.abinit.org/media/vendor/fontawesome-free/webfonts/fa-solid-900.woff2]
[abidev2024.abinit.org/media/vendor/fontawesome-free/webfonts/fa-solid-900.woff]
[abidev2024.abinit.org/media/vendor/fontawesome-free/webfonts/fa-solid-900.ttf]
[abidev2024.abinit.org/media/vendor/fontawesome-free/webfonts/fa-brands-400.eot]
[abidev2024.abinit.org/media/vendor/fontawesome-free/webfonts/fa-brands-400d41d.eot]
[abidev2024.abinit.org/media/vendor/fontawesome-free/webfonts/fa-brands-400.woff2]
[abidev2024.abinit.org/media/vendor/fontawesome-free/webfonts/fa-brands-400.woff]
[abidev2024.abinit.org/media/vendor/fontawesome-free/webfonts/fa-brands-400.ttf]
[abidev2024.abinit.org/media/system/css/joomla-fontawesome.min7559.css]
[abidev2024.abinit.org/templates/shaper_helixultimate/images/menu-bg.jpg]
[abidev2024.abinit.org/templates/shaper_helixultimate/css/template.css]
[abidev2024.abinit.org/templates/shaper_helixultimate/css/presets/default.css]
[abidev2024.abinit.org/images/logos/abidev_logo.svg]
[abidev2024.abinit.org/images/images/abinit_configure.jpg]
[abidev2024.abinit.org/images/files/abidev24_program.pdf]
[abidev2024.abinit.org/images/files/abidev24_program.png]
[abidev2024.abinit.org/images/files/abidev24_oral_pres.pdf]
[abidev2024.abinit.org/images/files/abidev24_oral_pres.png]
[abidev2024.abinit.org/program/program-and-speakers.html]
[abidev2024.abinit.org/program/list-of-participants.html]
[abidev2024.abinit.org/images/images_abidev2024/Le_Baluchon_1.jpg]
[abidev2024.abinit.org/images/images_abidev2024/Le_Baluchon_5.jpg]
[abidev2024.abinit.org/images/images_abidev2024/Le_Baluchon_2.jpg]
[abidev2024.abinit.org/images/images_abidev2024/Le_Baluchon_3.jpg]
[abidev2024.abinit.org/resources/location.html]
[abidev2024.abinit.org/media/vendor/fontawesome-free/webfonts/fa-regular-400.svg]
[abidev2024.abinit.org/media/vendor/fontawesome-free/webfonts/fa-solid-900.svg]
[abidev2024.abinit.org/media/vendor/fontawesome-free/webfonts/fa-brands-400.svg]
[abidev2024.abinit.org/resources/images/images/plan_teratec.html]
