[abidev2019.abinit.org/index.html]
[backblue.gif]
[fade.gif]
[index.html]
[abidev2019.abinit.org/rss.xml]
[abidev2019.abinit.org/sites/abidev2019.abinit.org/files/favicon.ico]
[abidev2019.abinit.org/modules/system/system.base6133.css]
[abidev2019.abinit.org/modules/system/system.menus6133.css]
[abidev2019.abinit.org/modules/system/system.messages6133.css]
[abidev2019.abinit.org/modules/system/system.theme6133.css]
[abidev2019.abinit.org/modules/comment/comment6133.css]
[abidev2019.abinit.org/modules/field/theme/field6133.css]
[abidev2019.abinit.org/modules/node/node6133.css]
[abidev2019.abinit.org/modules/search/search6133.css]
[abidev2019.abinit.org/modules/user/user6133.css]
[abidev2019.abinit.org/sites/all/modules/views/css/views6133.css]
[abidev2019.abinit.org/sites/all/modules/colorbox/styles/default/colorbox_style6133.css]
[abidev2019.abinit.org/sites/all/modules/ctools/css/ctools6133.css]
[abidev2019.abinit.org/sites/abidev2019.abinit.org/themes/responsive_bartik/css/layout6133.css]
[abidev2019.abinit.org/sites/abidev2019.abinit.org/themes/responsive_bartik/css/style6133.css]
[abidev2019.abinit.org/sites/abidev2019.abinit.org/files/color/responsive_bartik-8ddb6edc/colors6133.css]
[abidev2019.abinit.org/sites/abidev2019.abinit.org/themes/responsive_bartik/css/print6133.css]
[abidev2019.abinit.org/sites/all/modules/jquery_update/replace/jquery/1.12/jquery.minfac2.js]
[abidev2019.abinit.org/misc/jquery-extend-3.4.0fac2.js]
[abidev2019.abinit.org/misc/jquery-html-prefilter-3.5.0-backportfac2.js]
[abidev2019.abinit.org/misc/jquery.once7839.js]
[abidev2019.abinit.org/misc/drupal6133.js]
[abidev2019.abinit.org/sites/all/modules/jquery_update/js/jquery_browser241d.js]
[abidev2019.abinit.org/misc/form-single-submitb6a8.js]
[abidev2019.abinit.org/sites/all/libraries/colorbox/jquery.colorbox-min6133.js]
[abidev2019.abinit.org/sites/all/modules/colorbox/js/colorbox6133.js]
[abidev2019.abinit.org/sites/all/modules/colorbox/styles/default/colorbox_style6133.js]
[abidev2019.abinit.org/sites/abidev2019.abinit.org/themes/responsive_bartik/js/collapsible-menu6133.js]
[abidev2019.abinit.org/sites/abidev2019.abinit.org/files/pictures/abinitdev_small_logo.png]
[abidev2019.abinit.org/content/program-0.html]
[abidev2019.abinit.org/content/list-participants.html]
[abidev2019.abinit.org/content/venue-accommodation.html]
[abidev2019.abinit.org/node/2.html]
[abidev2019.abinit.org/misc/feed.png]
[abidev2019.abinit.org/sites/abidev2019.abinit.org/files/pictures/uclouvain.jpg]
[abidev2019.abinit.org/sites/abidev2019.abinit.org/files/pictures/fnrs.jpg]
[abidev2019.abinit.org/sites/abidev2019.abinit.org/files/pictures/psi-k.jpg]
[abidev2019.abinit.org/sites/abidev2019.abinit.org/files/pictures/logo_cea.png]
[abidev2019.abinit.org/sites/abidev2019.abinit.org/files/pictures/logo_fwo-02.jpg]
[abidev2019.abinit.org/user/password.html]
[abidev2019.abinit.org/index.html]
[abidev2019.abinit.org/misc/throbber-inactive.png]
[abidev2019.abinit.org/misc/throbber-active.gif]
[abidev2019.abinit.org/misc/grippie.png]
[abidev2019.abinit.org/misc/draggable.png]
[abidev2019.abinit.org/misc/tree.png]
[abidev2019.abinit.org/misc/tree-bottom.png]
[abidev2019.abinit.org/modules/system/system.base6133.css]
[abidev2019.abinit.org/misc/menu-expanded.png]
[abidev2019.abinit.org/misc/menu-collapsed.png]
[abidev2019.abinit.org/misc/menu-leaf.png]
[abidev2019.abinit.org/modules/system/system.menus6133.css]
[abidev2019.abinit.org/misc/message-24-ok.png]
[abidev2019.abinit.org/misc/message-24-warning.png]
[abidev2019.abinit.org/misc/message-24-error.png]
[abidev2019.abinit.org/modules/system/system.messages6133.css]
[abidev2019.abinit.org/misc/help.png]
[abidev2019.abinit.org/misc/progress.gif]
[abidev2019.abinit.org/modules/system/system.theme6133.css]
[abidev2019.abinit.org/modules/comment/comment6133.css]
[abidev2019.abinit.org/modules/field/theme/field6133.css]
[abidev2019.abinit.org/modules/node/node6133.css]
[abidev2019.abinit.org/modules/search/search6133.css]
[abidev2019.abinit.org/modules/user/user6133.css]
[abidev2019.abinit.org/sites/all/modules/views/css/views6133.css]
[abidev2019.abinit.org/sites/all/modules/colorbox/styles/default/images/controls.png]
[abidev2019.abinit.org/sites/all/modules/colorbox/styles/default/images/loading_animation.gif]
[abidev2019.abinit.org/sites/all/modules/colorbox/styles/default/colorbox_style6133.css]
[abidev2019.abinit.org/sites/all/modules/ctools/images/status-active.gif]
[abidev2019.abinit.org/sites/all/modules/ctools/css/ctools6133.css]
[abidev2019.abinit.org/sites/abidev2019.abinit.org/themes/responsive_bartik/css/layout6133.css]
[abidev2019.abinit.org/sites/abidev2019.abinit.org/themes/responsive_bartik/images/comment-arrow.gif]
[abidev2019.abinit.org/sites/abidev2019.abinit.org/themes/responsive_bartik/images/tabs-border.png]
[abidev2019.abinit.org/sites/abidev2019.abinit.org/themes/responsive_bartik/images/add.png]
[abidev2019.abinit.org/sites/abidev2019.abinit.org/themes/responsive_bartik/images/buttons.png]
[abidev2019.abinit.org/sites/abidev2019.abinit.org/themes/responsive_bartik/images/search-button.png]
[abidev2019.abinit.org/sites/abidev2019.abinit.org/themes/responsive_bartik/images/toggle.png]
[abidev2019.abinit.org/sites/abidev2019.abinit.org/themes/responsive_bartik/css/style6133.css]
[abidev2019.abinit.org/sites/abidev2019.abinit.org/files/color/responsive_bartik-8ddb6edc/colors6133.css]
[abidev2019.abinit.org/sites/abidev2019.abinit.org/themes/responsive_bartik/css/print6133.css]
[abidev2019.abinit.org/node/16.html]
[abidev2019.abinit.org/sites/abidev2019.abinit.org/files/webform/abstracts/abinit_developer_workshop_-_program_2019.pdf]
[abidev2019.abinit.org/sites/abidev2019.abinit.org/files/webform/abstracts/abinit_oral_giantomassi_1.pdf]
[abidev2019.abinit.org/sites/abidev2019.abinit.org/files/webform/abstracts/ABINIT_oral_beuken.pdf]
[abidev2019.abinit.org/sites/abidev2019.abinit.org/files/pdf/jm_beuken.pdf]
[abidev2019.abinit.org/sites/abidev2019.abinit.org/files/webform/abstracts/abinit_oral_cavignac_0.pdf]
[abidev2019.abinit.org/sites/abidev2019.abinit.org/files/pdf/t_cavignac_test_system.pdf]
[abidev2019.abinit.org/sites/abidev2019.abinit.org/files/webform/abstracts/ABINIT_oral_Giantomassi.pdf]
[abidev2019.abinit.org/sites/abidev2019.abinit.org/files/webform/abstracts/ABINIT_Oral presentation_Pouillon.pdf]
[abidev2019.abinit.org/sites/abidev2019.abinit.org/files/pdf/y_pouillon.pdf]
[abidev2019.abinit.org/sites/abidev2019.abinit.org/files/webform/abstracts/ABINIT_oral_Baguet.pdf]
[abidev2019.abinit.org/sites/abidev2019.abinit.org/files/pdf/l_baguet.pdf]
[abidev2019.abinit.org/sites/abidev2019.abinit.org/files/webform/abstracts/ABINIT_Oral presentation_Stengel.pdf]
[abidev2019.abinit.org/sites/abidev2019.abinit.org/files/pdf/m_stengel.pdf]
[abidev2019.abinit.org/sites/abidev2019.abinit.org/files/webform/abstracts/ABINIT_Oral presentation_Dreyer.pdf]
[abidev2019.abinit.org/sites/abidev2019.abinit.org/files/pdf/c_dreyer.pdf]
[abidev2019.abinit.org/sites/abidev2019.abinit.org/files/webform/abstracts/ABINIT_Oral presentation_Royo.pdf]
[abidev2019.abinit.org/sites/abidev2019.abinit.org/files/pdf/m_royo.pdf]
[abidev2019.abinit.org/sites/abidev2019.abinit.org/files/webform/abstracts/ABINIT_oral_Jollet.pdf]
[abidev2019.abinit.org/sites/abidev2019.abinit.org/files/pdf/f_jollet_lda-demi.pdf]
[abidev2019.abinit.org/sites/abidev2019.abinit.org/files/webform/abstracts/ABINIT_oral_Blanchet.pdf]
[abidev2019.abinit.org/sites/abidev2019.abinit.org/files/pdf/a_blanchet.pdf]
[abidev2019.abinit.org/sites/abidev2019.abinit.org/files/webform/abstracts/ABINIT_poster_Outerovitch.pdf]
[abidev2019.abinit.org/sites/abidev2019.abinit.org/files/pdf/r_outerovitch.pdf]
[abidev2019.abinit.org/sites/abidev2019.abinit.org/files/webform/abstracts/ABINIT_poster_Sataric.pdf]
[abidev2019.abinit.org/sites/abidev2019.abinit.org/files/pdf/b_sataric.pdf]
[abidev2019.abinit.org/sites/abidev2019.abinit.org/files/webform/abstracts/ABINIT_oral_Brouwer_0.pdf]
[abidev2019.abinit.org/sites/abidev2019.abinit.org/files/pdf/n_brouwer_paw_method.pdf]
[abidev2019.abinit.org/sites/abidev2019.abinit.org/files/webform/abstracts/abinit_oral_torrent.pdf]
[abidev2019.abinit.org/sites/abidev2019.abinit.org/files/pdf/m_torrent_realspace.pdf]
[abidev2019.abinit.org/sites/abidev2019.abinit.org/files/webform/abstracts/ABINIT_oral_Bieder_0.pdf]
[abidev2019.abinit.org/sites/abidev2019.abinit.org/files/webform/abstracts/ABINIT_Oral presentation_Bruneval.pdf]
[abidev2019.abinit.org/sites/abidev2019.abinit.org/files/pdf/f_bruneval.pdf]
[abidev2019.abinit.org/sites/abidev2019.abinit.org/files/webform/abstracts/ABINIT_oral_Amadon.pdf]
[abidev2019.abinit.org/sites/abidev2019.abinit.org/files/pdf/b_amadon.pdf]
[abidev2019.abinit.org/sites/abidev2019.abinit.org/files/webform/abstracts/ABINIT_oral_Cavignac.pdf]
[abidev2019.abinit.org/sites/abidev2019.abinit.org/files/pdf/t_cavignac_kgb.pdf]
[abidev2019.abinit.org/sites/abidev2019.abinit.org/files/webform/abstracts/ABINIT_Oral presentation_Zwanziger.pdf]
[abidev2019.abinit.org/sites/abidev2019.abinit.org/files/pdf/j_zwanziger.pdf]
[abidev2019.abinit.org/sites/abidev2019.abinit.org/files/webform/abstracts/ABINIT_oral_Brouwer.pdf]
[abidev2019.abinit.org/sites/abidev2019.abinit.org/files/pdf/n_brouwer_optical.pdf]
[abidev2019.abinit.org/sites/abidev2019.abinit.org/files/webform/abstracts/ABINIT_oral_Gonze.pdf]
[abidev2019.abinit.org/sites/abidev2019.abinit.org/files/webform/abstracts/ABINIT_oral_Bousquet.pdf]
[abidev2019.abinit.org/sites/abidev2019.abinit.org/files/pdf/e_bousquet.pdf]
[abidev2019.abinit.org/sites/abidev2019.abinit.org/files/webform/abstracts/abinit_oral_torrent_0.pdf]
[abidev2019.abinit.org/sites/abidev2019.abinit.org/files/pdf/m_torrent_dfpt.pdf]
[abidev2019.abinit.org/sites/abidev2019.abinit.org/files/webform/abstracts/abinit_oral_brunin_amp_miranda.pdf]
[abidev2019.abinit.org/sites/abidev2019.abinit.org/files/pdf/g_brunin_and_h_miranda.pdf]
[abidev2019.abinit.org/sites/abidev2019.abinit.org/files/webform/abstracts/ABINIT_oral_Antonius.pdf]
[abidev2019.abinit.org/sites/abidev2019.abinit.org/files/pdf/g_antonius.pdf]
[abidev2019.abinit.org/sites/abidev2019.abinit.org/files/webform/abstracts/ABINIT_poster_Brousseau-Couture.pdf]
[abidev2019.abinit.org/sites/abidev2019.abinit.org/files/webform/abstracts/ABINIT_poster_Gingras.pdf]
[abidev2019.abinit.org/sites/abidev2019.abinit.org/files/webform/abstracts/ABINIT_poster_Lafargue-dit-Hauret.pdf]
[abidev2019.abinit.org/sites/abidev2019.abinit.org/files/webform/abstracts/ABINIT_poster_Ricci.pdf]
[abidev2019.abinit.org/sites/abidev2019.abinit.org/files/webform/abstracts/ABINIT_oral_Garcia-Fernandez.pdf]
[abidev2019.abinit.org/sites/abidev2019.abinit.org/files/pdf/p_garcia_j_junquera.pdf]
[abidev2019.abinit.org/sites/abidev2019.abinit.org/files/webform/abstracts/ABINIT_oral_Bieder.pdf]
[abidev2019.abinit.org/sites/abidev2019.abinit.org/files/pdf/j_bieder.pdf]
[abidev2019.abinit.org/sites/abidev2019.abinit.org/files/webform/abstracts/ABINIT_oral_Schmitt.pdf]
[abidev2019.abinit.org/sites/abidev2019.abinit.org/files/pdf/m_schmitt.pdf]
[abidev2019.abinit.org/sites/abidev2019.abinit.org/files/webform/abstracts/ABINIT_oral_He.pdf]
[abidev2019.abinit.org/sites/abidev2019.abinit.org/files/pdf/x_he.pdf]
[abidev2019.abinit.org/sites/abidev2019.abinit.org/files/webform/abstracts/ABINIT_oral_Bottin.pdf]
[abidev2019.abinit.org/sites/abidev2019.abinit.org/files/pdf/f_bottin.pdf]
[abidev2019.abinit.org/sites/abidev2019.abinit.org/files/webform/abstracts/abinit_oral_dewandre.pdf]
[abidev2019.abinit.org/sites/abidev2019.abinit.org/files/pdf/a_dewandre.pdf]
[abidev2019.abinit.org/sites/abidev2019.abinit.org/files/webform/abstracts/ABINIT_oral_Ong.pdf]
[abidev2019.abinit.org/sites/abidev2019.abinit.org/files/pdf/s_p_ong.pdf]
[abidev2019.abinit.org/sites/abidev2019.abinit.org/files/webform/abstracts/ABINIT_oral_Charraud.pdf]
[abidev2019.abinit.org/sites/abidev2019.abinit.org/files/pdf/jb_charraud.pdf]
[abidev2019.abinit.org/sites/abidev2019.abinit.org/files/webform/abstracts/abinit_oral_hautier.pdf]
[abidev2019.abinit.org/sites/abidev2019.abinit.org/files/webform/abstracts/ABINIT_oral_Giantomassi_0.pdf]
[abidev2019.abinit.org/sites/abidev2019.abinit.org/files/webform/abstracts/abinit_oral_petretto.pdf]
[abidev2019.abinit.org/sites/abidev2019.abinit.org/files/pdf/g_petretto.pdf]
[abidev2019.abinit.org/sites/abidev2019.abinit.org/files/webform/abstracts/ABINIT_oral_Naccarato.pdf]
[abidev2019.abinit.org/sites/abidev2019.abinit.org/files/webform/abstracts/abinit_oral_blum.pdf]
[abidev2019.abinit.org/sites/abidev2019.abinit.org/files/pdf/v_blum.pdf]
[abidev2019.abinit.org/sites/abidev2019.abinit.org/files/webform/abstracts/ABINIT_oral_Soluyanov.pdf]
[abidev2019.abinit.org/sites/abidev2019.abinit.org/files/pdf/a_soluyanov.pdf]
[abidev2019.abinit.org/sites/abidev2019.abinit.org/files/webform/abstracts/ABINIT_oral_romero.pdf]
[abidev2019.abinit.org/sites/abidev2019.abinit.org/files/pdf/a_romero.pdf]
[abidev2019.abinit.org/sites/abidev2019.abinit.org/files/webform/abstracts/ABINIT_oral_van Setten.pdf]
[abidev2019.abinit.org/content/program-0.html]
[abidev2019.abinit.org/node/4.html]
[abidev2019.abinit.org/content/list-participants.html]
[abidev2019.abinit.org/node/5.html]
[abidev2019.abinit.org/sites/default/files/louvain_house.jpg]
[abidev2019.abinit.org/sites/default/files/martinss_hotel.jpg]
[abidev2019.abinit.org/sites/abidev2019.abinit.org/files/pictures/social_dinner.jpg]
[abidev2019.abinit.org/content/venue-accommodation.html]
[abidev2019.abinit.org/node/2.html]
[abidev2019.abinit.org/user.html]
[abidev2019.abinit.org/user/password.html]
[abidev2019.abinit.org/node/16.html]
[abidev2019.abinit.org/node/4.html]
[abidev2019.abinit.org/node/5.html]
[abidev2019.abinit.org/user.html]
