[abidev2017.abinit.org/index.html]
[backblue.gif]
[fade.gif]
[index.html]
[abidev2017.abinit.org/templates/protostar/favicon.ico]
[abidev2017.abinit.org/templates/protostar/css/templateb117.css]
[abidev2017.abinit.org/media/jui/js/jquery.minb117.js]
[abidev2017.abinit.org/media/jui/js/jquery-noconflictb117.js]
[abidev2017.abinit.org/media/jui/js/jquery-migrate.minb117.js]
[abidev2017.abinit.org/media/system/js/captionb117.js]
[abidev2017.abinit.org/media/jui/js/bootstrap.minb117.js]
[abidev2017.abinit.org/templates/protostar/js/templateb117.js]
[abidev2017.abinit.org/images/logos/AbidevSponsors_logo.png]
[abidev2017.abinit.org/images/logos/LogoAbidev2017.png]
[abidev2017.abinit.org/program.html]
[abidev2017.abinit.org/important-dates.html]
[abidev2017.abinit.org/location.html]
[abidev2017.abinit.org/before-registration.html]
[abidev2017.abinit.org/sponsors.html]
[abidev2017.abinit.org/images/images/abidev2017_group.jpg]
[abidev2017.abinit.org/images/videos/pimd_movie.mp4]
[abidev2017.abinit.org/images/videos/pimd_movie.webm]
[abidev2017.abinit.org/images/videos/abinit_configure.mp4]
[abidev2017.abinit.org/images/videos/abinit_configure.webm]
[abidev2017.abinit.org/index.html]
[abidev2017.abinit.org/media/jui/fonts/IcoMoon.eot]
[abidev2017.abinit.org/media/jui/fonts/IcoMoond41d.eot]
[abidev2017.abinit.org/media/jui/fonts/IcoMoon.woff]
[abidev2017.abinit.org/media/jui/fonts/IcoMoon.ttf]
[abidev2017.abinit.org/templates/protostar/css/templateb117.css]
[abidev2017.abinit.org/images/talks/abidev2017_Gonze_intro.pdf]
[abidev2017.abinit.org/images/talks/abidev2017_Lejaeghere.pdf]
[abidev2017.abinit.org/images/talks/abidev2017_Ghosez.pdf]
[abidev2017.abinit.org/images/talks/abidev2017_Martin.pdf]
[abidev2017.abinit.org/images/talks/abidev2017_Giantomassi_abipy.pdf]
[abidev2017.abinit.org/images/talks/abidev2017_Jollet_JTH.pdf]
[abidev2017.abinit.org/images/talks/abidev2017_vanSetten_pseudodojo.pdf]
[abidev2017.abinit.org/images/talks/abidev2017_Petretto.pdf]
[abidev2017.abinit.org/images/talks/abidev2017_Dronskowski.pdf]
[abidev2017.abinit.org/images/talks/abidev2017_Amadon.pdf]
[abidev2017.abinit.org/images/talks/abidev2017_Jollet_HF.pdf]
[abidev2017.abinit.org/images/talks/abidev2017_Moree.pdf]
[abidev2017.abinit.org/images/talks/abidev2017_vanSetten-htgw.pdf]
[abidev2017.abinit.org/images/talks/abidev2017_Chen.pdf]
[abidev2017.abinit.org/images/talks/abidev2017_Caracas.pdf]
[abidev2017.abinit.org/images/talks/abidev2017_Hellman.pdf]
[abidev2017.abinit.org/images/talks/abidev2017_Bouchet.pdf]
[abidev2017.abinit.org/images/talks/abidev2017_Dammak.pdf]
[abidev2017.abinit.org/images/talks/abidev2017_Geneste.pdf]
[abidev2017.abinit.org/images/talks/abidev2017_Torrent.pdf]
[abidev2017.abinit.org/images/talks/abidev2017_Bieder.pdf]
[abidev2017.abinit.org/images/talks/abidev2017_Chatelain.pdf]
[abidev2017.abinit.org/images/talks/abidev2017_Beuken.pdf]
[abidev2017.abinit.org/images/talks/abidev2017_vanTroeye.pdf]
[abidev2017.abinit.org/images/talks/abidev2017_Pike.pdf]
[abidev2017.abinit.org/images/talks/abidev2017_Espejo.pdf]
[abidev2017.abinit.org/images/talks/abidev2017_Xu.pdf]
[abidev2017.abinit.org/images/talks/abidev2017_Ricci.pdf]
[abidev2017.abinit.org/images/talks/abidev2017_Prokhorenko.pdf]
[abidev2017.abinit.org/images/talks/abidev2017_Antonius.pdf]
[abidev2017.abinit.org/images/talks/abidev2017_Giantomassi_eph.pdf]
[abidev2017.abinit.org/images/talks/abidev2017_Baguet.pdf]
[abidev2017.abinit.org/images/talks/abidev2017_Naccarato.pdf]
[abidev2017.abinit.org/images/talks/abidev2017_Gonze_resraman.pdf]
[abidev2017.abinit.org/images/talks/abidev2017_Gonze_effmass.pdf]
[abidev2017.abinit.org/program.html]
[abidev2017.abinit.org/important-dates.html]
[abidev2017.abinit.org/images/logos/villa_clythia_logo.jpg]
[abidev2017.abinit.org/images/images/frejus_1.jpg]
[abidev2017.abinit.org/images/images/frejus_2.jpg]
[abidev2017.abinit.org/images/images/frejus_3.jpg]
[abidev2017.abinit.org/images/images/villa_clythia_1.jpg]
[abidev2017.abinit.org/images/images/villa_clythia_2.jpg]
[abidev2017.abinit.org/images/images/villa_clythia_3.jpg]
[abidev2017.abinit.org/images/images/villa_clythia_4.jpg]
[abidev2017.abinit.org/images/images/villa_clythia_5.jpg]
[abidev2017.abinit.org/images/images/france_map.png]
[abidev2017.abinit.org/images/images/frejus_map.png]
[abidev2017.abinit.org/location.html]
[abidev2017.abinit.org/before-registration.html]
[abidev2017.abinit.org/images/logos/psik-ESF_logo.png]
[abidev2017.abinit.org/images/logos/erc_impact_logo.png]
[abidev2017.abinit.org/images/logos/cea_logo.png]
[abidev2017.abinit.org/images/logos/gdr_rest_logo.png]
[abidev2017.abinit.org/images/logos/gdr_modmat_logo.png]
[abidev2017.abinit.org/sponsors.html]
[abidev2017.abinit.org/dx.doi.org/10.1126/science.html]
[abidev2017.abinit.org/media/jui/fonts/IcoMoon.svg]
