[abidev2022.abinit.org/index.html]
[backblue.gif]
[fade.gif]
[index.html]
[abidev2022.abinit.org/images/logos/favicon.ico]
[abidev2022.abinit.org/templates/shaper_helixultimate/css/bootstrap.min.css]
[abidev2022.abinit.org/index0fda.html]
[abidev2022.abinit.org/plugins/system/helixultimate/assets/css/system-j3.min.css]
[abidev2022.abinit.org/templates/shaper_helixultimate/css/font-awesome.min.css]
[abidev2022.abinit.org/templates/shaper_helixultimate/css/v4-shims.min.css]
[abidev2022.abinit.org/templates/shaper_helixultimate/css/template.css]
[abidev2022.abinit.org/templates/shaper_helixultimate/css/presets/default.css]
[abidev2022.abinit.org/images/images/abinit_configure.jpg]
[abidev2022.abinit.org/images/images/abidev22_home.jpg]
[abidev2022.abinit.org/images/fonts/UbuntuMono-BoldItalic.ttf]
[abidev2022.abinit.org/images/fonts/UbuntuMono-Italic.ttf]
[abidev2022.abinit.org/images/fonts/UbuntuMono-Bold.ttf]
[abidev2022.abinit.org/images/fonts/UbuntuMono-Regular.ttf]
[abidev2022.abinit.org/media/jui/js/jquery.minc3d9.js]
[abidev2022.abinit.org/media/jui/js/jquery-migrate.minc3d9.js]
[abidev2022.abinit.org/templates/shaper_helixultimate/js/bootstrap.bundle.min.js]
[abidev2022.abinit.org/templates/shaper_helixultimate/js/main.js]
[abidev2022.abinit.org/index1a46.html]
[abidev2022.abinit.org/media/system/js/corec3d9.js]
[abidev2022.abinit.org/about/recurring-event.html]
[abidev2022.abinit.org/about/committees.html]
[abidev2022.abinit.org/about/sponsors.html]
[abidev2022.abinit.org/program/program-and-speakers.html]
[abidev2022.abinit.org/program/hackathons-discussions.html]
[abidev2022.abinit.org/program/list-of-participants.html]
[abidev2022.abinit.org/resources/location.html]
[abidev2022.abinit.org/register/workshop-registration.html]
[abidev2022.abinit.org/login.html]
[abidev2022.abinit.org/images/images/abidev2021_group.jpg]
[abidev2022.abinit.org/images/images/abidev2019_group.jpg]
[abidev2022.abinit.org/images/images/abidev2007_group.jpg]
[abidev2022.abinit.org/index.html]
[abidev2022.abinit.org/index22c8.html]
[abidev2022.abinit.org/index0fda.html]
[abidev2022.abinit.org/templates/shaper_helixultimate/css/bootstrap.min.css]
[abidev2022.abinit.org/plugins/system/helixultimate/assets/css/system-j3.min.css]
[abidev2022.abinit.org/templates/shaper_helixultimate/fonts/fa-brands-400.woff2]
[abidev2022.abinit.org/templates/shaper_helixultimate/fonts/fa-brands-400.woff]
[abidev2022.abinit.org/templates/shaper_helixultimate/fonts/fa-brands-400.ttf]
[abidev2022.abinit.org/templates/shaper_helixultimate/fonts/fa-regular-400.woff2]
[abidev2022.abinit.org/templates/shaper_helixultimate/fonts/fa-regular-400.woff]
[abidev2022.abinit.org/templates/shaper_helixultimate/fonts/fa-regular-400.ttf]
[abidev2022.abinit.org/templates/shaper_helixultimate/fonts/fa-solid-900.woff2]
[abidev2022.abinit.org/templates/shaper_helixultimate/fonts/fa-solid-900.woff]
[abidev2022.abinit.org/templates/shaper_helixultimate/fonts/fa-solid-900.ttf]
[abidev2022.abinit.org/templates/shaper_helixultimate/css/font-awesome.min.css]
[abidev2022.abinit.org/templates/shaper_helixultimate/css/v4-shims.min.css]
[abidev2022.abinit.org/templates/shaper_helixultimate/images/menu-bg.jpg]
[abidev2022.abinit.org/templates/shaper_helixultimate/css/template.css]
[abidev2022.abinit.org/templates/shaper_helixultimate/css/presets/default.css]
[abidev2022.abinit.org/images/logos/abidev_logo_dark.svg]
[abidev2022.abinit.org/images/images/abidev2017_group.jpg]
[abidev2022.abinit.org/images/images/abidev2015_group.jpg]
[abidev2022.abinit.org/images/images/abidev2013_group.jpg]
[abidev2022.abinit.org/images/images/abidev2011_group.jpg]
[abidev2022.abinit.org/images/images/abidev2009_group.jpg]
[abidev2022.abinit.org/about/recurring-event.html]
[abidev2022.abinit.org/about/committees.html]
[abidev2022.abinit.org/about/sponsors.html]
[abidev2022.abinit.org/images/abstracts/abidev2022_veniard_abstract.pdf]
[abidev2022.abinit.org/images/abstracts/abidev2022_hellman_abstract.pdf]
[abidev2022.abinit.org/images/abstracts/abidev2022_sangalli_abstract.pdf]
[abidev2022.abinit.org/images/files/abidev2022_program.pdf]
[abidev2022.abinit.org/images/files/abidev2022_program.jpg]
[abidev2022.abinit.org/program/program-and-speakers.html]
[abidev2022.abinit.org/program/hackathons-discussions.html]
[abidev2022.abinit.org/program/list-of-participants.html]
[abidev2022.abinit.org/images/images/guidel1.jpg]
[abidev2022.abinit.org/images/images/guidel2.jpg]
[abidev2022.abinit.org/images/images/guidel3.jpg]
[abidev2022.abinit.org/images/images/guidel4.jpg]
[abidev2022.abinit.org/images/images/lorient1.jpg]
[abidev2022.abinit.org/images/images/concarneau1.jpg]
[abidev2022.abinit.org/resources/location.html]
[abidev2022.abinit.org/media/system/css/fields/calendar.css]
[abidev2022.abinit.org/components/com_breezingforms/libraries/jquery/tooltip.css]
[abidev2022.abinit.org/media/system/js/fields/calendar-locales/en.js]
[abidev2022.abinit.org/media/system/js/fields/calendar-locales/date/gregorian/date-helper.min.js]
[abidev2022.abinit.org/media/system/js/fields/calendar.min.js]
[abidev2022.abinit.org/media/system/js/mootools-corec3d9.js]
[abidev2022.abinit.org/media/system/js/mootools-morec3d9.js]
[abidev2022.abinit.org/media/jui/js/jquery-noconflictc3d9.js]
[abidev2022.abinit.org/components/com_breezingforms/libraries/jquery/jq.min.js]
[abidev2022.abinit.org/components/com_breezingforms/libraries/jquery/tooltip.js]
[abidev2022.abinit.org/components/com_breezingforms/themes/quickmode/system.css]
[abidev2022.abinit.org/media/breezingforms/themes/default/theme.css]
[abidev2022.abinit.org/components/com_breezingforms/facileforms.js]
[abidev2022.abinit.org/components/com_breezingforms/images/captcha/securimage_show6ab9.png]
[abidev2022.abinit.org/register/workshop-registration.html]
[abidev2022.abinit.org/media/system/js/keepalivec3d9.js]
[abidev2022.abinit.org/media/system/js/punycodec3d9.js]
[abidev2022.abinit.org/media/system/js/validatec3d9.js]
[abidev2022.abinit.org/login798d.html]
[abidev2022.abinit.org/login4488.html]
[abidev2022.abinit.org/login.html]
[abidev2022.abinit.org/templates/shaper_helixultimate/fonts/fa-brands-400.html]
[abidev2022.abinit.org/templates/shaper_helixultimate/fonts/fa-brands-400d41d.html]
[abidev2022.abinit.org/templates/shaper_helixultimate/fonts/fa-brands-401.html]
[abidev2022.abinit.org/templates/shaper_helixultimate/fonts/fa-regular-400.html]
[abidev2022.abinit.org/templates/shaper_helixultimate/fonts/fa-regular-400d41d.html]
[abidev2022.abinit.org/templates/shaper_helixultimate/fonts/fa-regular-401.html]
[abidev2022.abinit.org/templates/shaper_helixultimate/fonts/fa-solid-900.html]
[abidev2022.abinit.org/templates/shaper_helixultimate/fonts/fa-solid-900d41d.html]
[abidev2022.abinit.org/templates/shaper_helixultimate/fonts/fa-solid-901.html]
[abidev2022.abinit.org/about/images/images/abinit_configure.html]
[abidev2022.abinit.org/about/images/images/abidev2019_group.html]
[abidev2022.abinit.org/about/images/images/abidev2017_group.html]
[abidev2022.abinit.org/program/images/images/abidev2015_group.html]
[abidev2022.abinit.org/program/images/images/abidev2009_group.html]
[abidev2022.abinit.org/resources/images/images/guidel3.html]
[abidev2022.abinit.org/media/system/css/fields/calendar.css]
[abidev2022.abinit.org/components/com_breezingforms/libraries/jquery/tooltip.css]
[abidev2022.abinit.org/register/images/images/abidev2007_group.html]
[abidev2022.abinit.org/components/com_breezingforms/themes/quickmode/img/icon_info.png]
[abidev2022.abinit.org/components/com_breezingforms/themes/quickmode/system.css]
[abidev2022.abinit.org/media/breezingforms/themes/default/img/icon_info.png]
[abidev2022.abinit.org/media/breezingforms/themes/default/theme.css]
[abidev2022.abinit.org/components/com_breezingforms/images/index.html]
[abidev2022.abinit.org/login798d.html]
[abidev2022.abinit.org/login4488.html]
