[abidev2021.abinit.org/index.html]
[backblue.gif]
[fade.gif]
[index.html]
[abidev2021.abinit.org/images/logos/favicon.ico]
[abidev2021.abinit.org/libraries/quix/assets/css/qxbs3b33.css]
[abidev2021.abinit.org/libraries/quix/assets/css/qxkit3b33.css]
[abidev2021.abinit.org/libraries/quix/assets/css/quix3b33.css]
[abidev2021.abinit.org/libraries/quix/assets/css/qxi3b33.css]
[abidev2021.abinit.org/media/quix/frontend/css/page-7-frontend-2.7.73b33.css]
[abidev2021.abinit.org/templates/shaper_helixultimate/css/bootstrap.min.css]
[abidev2021.abinit.org/plugins/system/helixultimate/assets/css/system-j3.min.css]
[abidev2021.abinit.org/templates/shaper_helixultimate/css/font-awesome.min.css]
[abidev2021.abinit.org/templates/shaper_helixultimate/css/fa-v4-shims.css]
[abidev2021.abinit.org/templates/shaper_helixultimate/css/template.css]
[abidev2021.abinit.org/templates/shaper_helixultimate/css/presets/default.css]
[abidev2021.abinit.org/images/fonts/UbuntuMono-BoldItalic.ttf]
[abidev2021.abinit.org/images/fonts/UbuntuMono-Italic.ttf]
[abidev2021.abinit.org/images/fonts/UbuntuMono-Bold.ttf]
[abidev2021.abinit.org/images/fonts/UbuntuMono-Regular.ttf]
[abidev2021.abinit.org/media/jui/js/jquery.min1ad4.js]
[abidev2021.abinit.org/media/jui/js/jquery-noconflict1ad4.js]
[abidev2021.abinit.org/media/jui/js/jquery-migrate.min1ad4.js]
[abidev2021.abinit.org/libraries/quix/assets/js/qxkit3b33.js]
[abidev2021.abinit.org/libraries/quix/assets/js/quix3b33.js]
[abidev2021.abinit.org/templates/shaper_helixultimate/js/bootstrap.bundle.min.js]
[abidev2021.abinit.org/templates/shaper_helixultimate/js/main.js]
[abidev2021.abinit.org/media/system/js/core1ad4.js]
[abidev2021.abinit.org/about/recurring-event.html]
[abidev2021.abinit.org/about/committees.html]
[abidev2021.abinit.org/about/sponsors.html]
[abidev2021.abinit.org/program/presentations.html]
[abidev2021.abinit.org/program/program-and-speakers.html]
[abidev2021.abinit.org/program/developers-meet-users.html]
[abidev2021.abinit.org/program/list-of-participants.html]
[abidev2021.abinit.org/resources/location.html]
[abidev2021.abinit.org/register/abstract-submission.html]
[abidev2021.abinit.org/register/workshop-registration.html]
[abidev2021.abinit.org/login.html]
[abidev2021.abinit.org/images/logos/hires/psi-k.png]
[abidev2021.abinit.org/images/logos/hires/cecam-ra.png]
[abidev2021.abinit.org/index.html]
[abidev2021.abinit.org/images/index.html]
[abidev2021.abinit.org/index22c8.html]
[abidev2021.abinit.org/libraries/quix/assets/css/qxbs3b33.css]
[abidev2021.abinit.org/libraries/quix/assets/css/qxkit3b33.css]
[abidev2021.abinit.org/libraries/quix/assets/css/quix3b33.css]
[abidev2021.abinit.org/libraries/quix/assets/fonts/qxi7e19.ttf]
[abidev2021.abinit.org/libraries/quix/assets/fonts/qxi7e19.woff]
[abidev2021.abinit.org/libraries/quix/assets/css/qxi3b33.css]
[abidev2021.abinit.org/images/images/abidev2019-toile.jpg]
[abidev2021.abinit.org/images/images/cristal.jpg]
[abidev2021.abinit.org/media/quix/frontend/css/page-7-frontend-2.7.73b33.css]
[abidev2021.abinit.org/templates/shaper_helixultimate/css/bootstrap.min.css]
[abidev2021.abinit.org/plugins/system/helixultimate/assets/css/system-j3.min.css]
[abidev2021.abinit.org/templates/shaper_helixultimate/fonts/fa-brands-400.woff]
[abidev2021.abinit.org/templates/shaper_helixultimate/fonts/fa-brands-400.ttf]
[abidev2021.abinit.org/templates/shaper_helixultimate/fonts/fa-regular-400.woff]
[abidev2021.abinit.org/templates/shaper_helixultimate/fonts/fa-regular-400.ttf]
[abidev2021.abinit.org/templates/shaper_helixultimate/fonts/fa-solid-900.woff]
[abidev2021.abinit.org/templates/shaper_helixultimate/fonts/fa-solid-900.ttf]
[abidev2021.abinit.org/templates/shaper_helixultimate/css/font-awesome.min.css]
[abidev2021.abinit.org/templates/shaper_helixultimate/css/fa-v4-shims.css]
[abidev2021.abinit.org/templates/shaper_helixultimate/css/template.css]
[abidev2021.abinit.org/templates/shaper_helixultimate/css/presets/default.css]
[abidev2021.abinit.org/images/logos/logo-abinit-2021.svg]
[abidev2021.abinit.org/media/quix/frontend/css/page-8-frontend-2.7.73b33.css]
[abidev2021.abinit.org/images/images/abidev2019_group.jpg]
[abidev2021.abinit.org/images/images/abidev2017_group.jpg]
[abidev2021.abinit.org/images/images/abidev2015_group.jpg]
[abidev2021.abinit.org/images/images/abidev2013_group.jpg]
[abidev2021.abinit.org/images/images/abidev2011_group.jpg]
[abidev2021.abinit.org/images/images/abidev2009_group.jpg]
[abidev2021.abinit.org/images/images/abidev2007_group.jpg]
[abidev2021.abinit.org/about/recurring-event.html]
[abidev2021.abinit.org/media/quix/frontend/css/page-14-frontend-2.7.73b33.css]
[abidev2021.abinit.org/about/committees.html]
[abidev2021.abinit.org/media/quix/frontend/css/page-9-frontend-2.7.73b33.css]
[abidev2021.abinit.org/about/sponsors.html]
[abidev2021.abinit.org/media/quix/frontend/css/page-37-frontend-2.7.73b33.css]
[abidev2021.abinit.org/images/talks/abidev2021_welcome.pdf]
[abidev2021.abinit.org/images/talks/abidev2021_filippi_claudia.pdf]
[abidev2021.abinit.org/images/talks/abidev2021_amadon_bernard.pdf]
[abidev2021.abinit.org/images/talks/abidev2021_outerovitch_robinson.pdf]
[abidev2021.abinit.org/images/talks/abidev2021_geneste_gregory.pdf]
[abidev2021.abinit.org/images/talks/abidev2021_baguet_lucas.pdf]
[abidev2021.abinit.org/images/talks/abidev2021_romero_aldo.pdf]
[abidev2021.abinit.org/images/talks/abidev2021_beuken_jean-michel.pdf]
[abidev2021.abinit.org/images/talks/abidev2021_pouillon_yann.pdf]
[abidev2021.abinit.org/images/talks/abidev2021_paillard_charles.pdf]
[abidev2021.abinit.org/images/talks/abidev2021_torrent_marc.pdf]
[abidev2021.abinit.org/images/talks/abidev2021_holzwarth_natalie.pdf]
[abidev2021.abinit.org/images/talks/abidev2021_guster_bogdan.pdf]
[abidev2021.abinit.org/images/talks/abidev2021_espejo_camilo.pdf]
[abidev2021.abinit.org/images/talks/abidev2021_vantroye_benoit.pdf]
[abidev2021.abinit.org/images/talks/abidev2021_oganov_artem.pdf]
[abidev2021.abinit.org/images/talks/abidev2021_charraud_jean-baptiste.pdf]
[abidev2021.abinit.org/images/talks/abidev2021_castellano_alois.pdf]
[abidev2021.abinit.org/images/talks/abidev2021_zwanziger_josef.pdf]
[abidev2021.abinit.org/images/talks/abidev2021_sasani_alireza.pdf]
[abidev2021.abinit.org/images/talks/abidev2021_schmitt_marcus.pdf]
[abidev2021.abinit.org/images/talks/abidev2021_he_xu.pdf]
[abidev2021.abinit.org/images/talks/abidev2021_brouwer_nils.pdf]
[abidev2021.abinit.org/images/talks/abidev2021_bouquiaux_julien.pdf]
[abidev2021.abinit.org/images/talks/abidev2021_bruneval_fabien.pdf]
[abidev2021.abinit.org/images/talks/abidev2021_stengel_massimiliano.pdf]
[abidev2021.abinit.org/images/talks/abidev2021_royo_miquel.pdf]
[abidev2021.abinit.org/images/talks/abidev2021_verstraete_matthieu.pdf]
[abidev2021.abinit.org/images/talks/abidev2021_tanner_daniel.pdf]
[abidev2021.abinit.org/images/talks/abidev2021_sjakste_jelena.pdf]
[abidev2021.abinit.org/images/talks/abidev2021_xu_bin.pdf]
[abidev2021.abinit.org/images/talks/abidev2021_brunin_guillaume.pdf]
[abidev2021.abinit.org/images/talks/abidev2021_nadeau_olivier.pdf]
[abidev2021.abinit.org/images/talks/abidev2021_abreu_joao.pdf]
[abidev2021.abinit.org/images/talks/abidev2021_brousseau-couture_veronique.pdf]
[abidev2021.abinit.org/images/talks/abidev2021_martin-samos_layla.pdf]
[abidev2021.abinit.org/images/talks/abidev2021_bottin_francois.pdf]
[abidev2021.abinit.org/images/talks/abidev2021_blanchet_augustin.pdf]
[abidev2021.abinit.org/program/presentations.html]
[abidev2021.abinit.org/media/quix/frontend/css/page-30-frontend-2.7.73b33.css]
[abidev2021.abinit.org/images/files/abidev2021_program.pdf]
[abidev2021.abinit.org/images/files/abidev2021_program.png]
[abidev2021.abinit.org/images/abstracts/abidev2021_abstract_filippi_claudia.pdf]
[abidev2021.abinit.org/images/abstracts/abidev2021_abstract_amadon_bernard.pdf]
[abidev2021.abinit.org/images/abstracts/abidev2021_abstract_outerovitch_robinson.pdf]
[abidev2021.abinit.org/images/abstracts/abidev2021_abstract_geneste_gregory.pdf]
[abidev2021.abinit.org/images/abstracts/abidev2021_abstract_thygesen_kristian.pdf]
[abidev2021.abinit.org/images/abstracts/abidev2021_abstract_giantomassi_matteo_1.pdf]
[abidev2021.abinit.org/images/abstracts/abidev2021_abstract_baguet_lucas.pdf]
[abidev2021.abinit.org/images/abstracts/abidev2021_abstract_romero_aldo.pdf]
[abidev2021.abinit.org/images/abstracts/abidev2021_abstract_beuken_jean-michel.pdf]
[abidev2021.abinit.org/images/abstracts/abidev2021_abstract_pouillon_yann.pdf]
[abidev2021.abinit.org/images/abstracts/abidev2021_abstract_paillard_charles.pdf]
[abidev2021.abinit.org/images/abstracts/abidev2021_abstract_torrent_marc.pdf]
[abidev2021.abinit.org/images/abstracts/abidev2021_abstract_holzwarth_natalie.pdf]
[abidev2021.abinit.org/images/abstracts/abidev2021_abstract_guster_bogdan.pdf]
[abidev2021.abinit.org/images/abstracts/abidev2021_abstract_espejo_camilo.pdf]
[abidev2021.abinit.org/images/abstracts/abidev2021_abstract_vantroeye_benoit.pdf]
[abidev2021.abinit.org/images/abstracts/abidev2021_abstract_oganov_artem.pdf]
[abidev2021.abinit.org/images/abstracts/abidev2021_abstract_charraud_jean-baptiste.pdf]
[abidev2021.abinit.org/images/abstracts/abidev2021_abstract_castellano_alois.pdf]
[abidev2021.abinit.org/images/abstracts/abidev2021_abstract_zwanziger_josef.pdf]
[abidev2021.abinit.org/images/abstracts/abidev2021_abstract_sasani_alireza.pdf]
[abidev2021.abinit.org/images/abstracts/abidev2021_abstract_schmitt_marcus.pdf]
[abidev2021.abinit.org/images/abstracts/abidev2021_abstract_he_xu.pdf]
[abidev2021.abinit.org/images/abstracts/abidev2021_abstract_brouwer_nils.pdf]
[abidev2021.abinit.org/images/abstracts/abidev2021_abstract_bouquiaux_julien.pdf]
[abidev2021.abinit.org/images/abstracts/abidev2021_abstract_bruneval_fabien.pdf]
[abidev2021.abinit.org/images/abstracts/abidev2021_abstract_royo_miquel.pdf]
[abidev2021.abinit.org/images/abstracts/abidev2021_abstract_stengel_massimiliano.pdf]
[abidev2021.abinit.org/images/abstracts/abidev2021_abstract_verstraete_matthieu.pdf]
[abidev2021.abinit.org/images/abstracts/abidev2021_abstract_tanner_daniel.pdf]
[abidev2021.abinit.org/images/abstracts/abidev2021_abstract_sjakste_jelena.pdf]
[abidev2021.abinit.org/images/abstracts/abidev2021_abstract_xu_bin.pdf]
[abidev2021.abinit.org/images/abstracts/abidev2021_abstract_giantomassi_matteo_2.pdf]
[abidev2021.abinit.org/images/abstracts/abidev2021_abstract_brunin_guillaume.pdf]
[abidev2021.abinit.org/images/abstracts/abidev2021_abstract_nadeau_olivier.pdf]
[abidev2021.abinit.org/images/abstracts/abidev2021_abstract_abreu_joao.pdf]
[abidev2021.abinit.org/images/abstracts/abidev2021_abstract_brousseau-couture_veronique.pdf]
[abidev2021.abinit.org/images/abstracts/abidev2021_abstract_martin-samos_layla.pdf]
[abidev2021.abinit.org/images/abstracts/abidev2021_abstract_bottin_francois.pdf]
[abidev2021.abinit.org/images/abstracts/abidev2021_abstract_blanchet_augustin.pdf]
[abidev2021.abinit.org/program/program-and-speakers.html]
[abidev2021.abinit.org/media/quix/frontend/css/page-13-frontend-2.7.73b33.css]
[abidev2021.abinit.org/program/developers-meet-users.html]
[abidev2021.abinit.org/media/quix/frontend/css/page-31-frontend-2.7.73b33.css]
[abidev2021.abinit.org/program/list-of-participants.html]
[abidev2021.abinit.org/media/quix/frontend/css/page-18-frontend-2.7.73b33.css]
[abidev2021.abinit.org/resources/location.html]
[abidev2021.abinit.org/media/quix/frontend/css/page-16-frontend-2.7.73b33.css]
[abidev2021.abinit.org/images/files/abidev2021_template.tex]
[abidev2021.abinit.org/register/abstract-submission.html]
[abidev2021.abinit.org/media/quix/frontend/css/page-17-frontend-2.7.73b33.css]
[abidev2021.abinit.org/register/workshop-registration.html]
[abidev2021.abinit.org/media/system/js/keepalive1ad4.js]
[abidev2021.abinit.org/media/system/js/punycode1ad4.js]
[abidev2021.abinit.org/media/system/js/validate1ad4.js]
[abidev2021.abinit.org/login798d.html]
[abidev2021.abinit.org/login4488.html]
[abidev2021.abinit.org/login.html]
[abidev2021.abinit.org/images/logos/hires/compile.svg]
[abidev2021.abinit.org/{_label___Top_,_icon___qxuicon-arrow-to-top_,_value___center_}.html]
[abidev2021.abinit.org/images/logos/hires/forum.svg]
[abidev2021.abinit.org/images/logos/hires/az.svg]
[abidev2021.abinit.org/images/logos/hires/cea_logo.svg]
[abidev2021.abinit.org/images/logos/hires/esf.svg]
[abidev2021.abinit.org/images/images/configure-v9.jpg]
[abidev2021.abinit.org/media/quix/frontend/css/page-8-frontend-2.7.73b33.css]
[abidev2021.abinit.org/media/quix/frontend/css/page-14-frontend-2.7.73b33.css]
[abidev2021.abinit.org/media/quix/frontend/css/page-9-frontend-2.7.73b33.css]
[abidev2021.abinit.org/media/quix/frontend/css/page-37-frontend-2.7.73b33.css]
[abidev2021.abinit.org/images/logos/hires/conference.svg]
[abidev2021.abinit.org/images/logos/hires/pdf.svg]
[abidev2021.abinit.org/images/logos/hires/youtube.svg]
[abidev2021.abinit.org/images/talks/abidev2021_giantomassi_matteo_1.html]
[abidev2021.abinit.org/media/quix/frontend/css/page-30-frontend-2.7.73b33.css]
[abidev2021.abinit.org/media/quix/frontend/css/page-13-frontend-2.7.73b33.css]
[abidev2021.abinit.org/media/quix/frontend/css/page-31-frontend-2.7.73b33.css]
[abidev2021.abinit.org/media/quix/frontend/css/page-18-frontend-2.7.73b33.css]
[abidev2021.abinit.org/images/logos/hires/location.svg]
[abidev2021.abinit.org/media/quix/frontend/css/page-16-frontend-2.7.73b33.css]
[abidev2021.abinit.org/images/logos/hires/download.svg]
[abidev2021.abinit.org/media/quix/frontend/css/page-17-frontend-2.7.73b33.css]
[abidev2021.abinit.org/images/logos/hires/register.svg]
[abidev2021.abinit.org/login798d.html]
[abidev2021.abinit.org/login4488.html]
